python : Traceback (mo
st recent call last):
At line:1 char:38
+ ... .\venv\Scripts\a
ctivate; python -c "im
port main" > error_log
.txt 2>&1
+                     
         ~~~~~~~~~~~~~
~~~~~~~~~~~~~~~~~~~~~~
~~~~~~~~~
    + CategoryInfo    
          : NotSpeci  
  fied: (Traceback    
 (most recent call    
 last)::String) [    ]
, RemoteExceptio    n
    + FullyQualifiedE 
   rrorId : NativeCo  
  mmandError
 
  File "<string>", lin
e 1, in <module>
    import main
  File "C:\Users\Yassi
neAzouaghAriane\Docume
nts\Repos\Slagie Platf
orm\backend\main.py", 
line 8, in <module>
    from routers impor
t auth, admin, exams, 
users # Added users
    ^^^^^^^^^^^^^^^^^^
^^^^^^^^^^^^^^^^^^^^^^
^^^^^
  File "C:\Users\Yassi
neAzouaghAriane\Docume
nts\Repos\Slagie Platf
orm\backend\routers\ad
min.py", line 7, in <m
odule>
    from routers.auth 
import get_current_adm
in, get_current_user
ImportError: cannot im
port name 'get_current
_admin' from 'routers.
auth' (C:\Users\Yassin
eAzouaghAriane\Documen
ts\Repos\Slagie Platfo
rm\backend\routers\aut
h.py)
